ON MEOW


Meow meow meow

-   meow list
-   cat list

this is the meow last line