Probably a title
Text following the title, probably.

Chapter One
First chapter text is missing!

Chapter Two
Second chapter depends on Chapter one ..
Test test. This file contains no digits whatsoever.

1